MAP
    # the following two lines tell MapServer to write debugging output to a log file.  Remove the '#' from the beginning
    # of the two lines below to enable this logging:
     #CONFIG "MS_ERRORFILE" "../var/log/landat.log"
    #DEBUG 5

    # all temp files get prefixed with this string
    NAME ms_landat

    #jdm:added to accomodate map layers
    #see http://trac.osgeo.org/mapserver/ticket/3055
    MAXSIZE 3072 
    
    # background color of image if transparency
    # is not requested
    IMAGECOLOR 255 255 255

    # default output image dimensions
    SIZE 600 400

    # always returns a map
    STATUS ON

    # set top level projection
    PROJECTION
        "init=epsg:3785"
    END

    # image format options
    OUTPUTFORMAT
        NAME "PNG"
        DRIVER "GDAL/PNG"
        MIMETYPE "image/png"
        IMAGEMODE "RGB"
        EXTENSION "png"
    END

    # minx miny maxx maxy
    EXTENT    -124.733174 24.543940 -66.950005 49.384359 # US

    # add def pointers for symbols
    SYMBOLSET "./symbols/symbols35.sym"
    FONTSET   "./fonts/fonts.list"

    # Start of web interface definition
    WEB

        # this is the real filepath to the temp dir for intermediate file creation
        IMAGEPATH "./tmp"

        # this is the web-accessible path to IMAGEPATH
        IMAGEURL "/tmp/"

        HEADER "./templates/query_header.html"
        FOOTER "./templates/query_footer.html"

        METADATA
            "ows_enable_request"     "*"
            "wms_title"              "NEMAC BRF WMS"
            "wms_abstract"           "NEMAC BRF WMS"
            "wms_onlineresource"     "http://gis.nemac.org/brf"
            "wms_srs"                "EPSG:3785 EPSG:4326 EPSG:900913"
			"wms_feature_info_mime_type" "text/plain"
			"wms_feature_info_mime_type" "text/html"
        END
    END

    QUERYMAP
        STATUS ON
    END

    # set defaults for GetLegendGraphic requests 
    LEGEND
        KEYSIZE 30 20
		TEMPLATE "./templates/legend.html"
    END
   
    LAYER # counties polygon layer begins here
        NAME counties
        
        PROJECTION
            "init=epsg:4326"
        END

        CONNECTIONTYPE   postgis
        CONNECTION       "host=postgis2.cj0oborxdlge.us-east-1.rds.amazonaws.com port=5432 dbname=efetac user=readonly  password=d$Kp%23r4"
        DATA             "geom from dtl_counties"
        EXTENT           -124.733174 24.543940 -66.950005 49.384359 # US

        STATUS           OFF
        TYPE             POLYGON
        DUMP             TRUE
        HEADER           ./templates/layer_query_header.html
        TEMPLATE         ./templates/layer_query_body.html

        CLASS
            NAME "Counties"
            STYLE
                OUTLINECOLOR 32 32 32
            END
        END
        METADATA
            "wms_title"          "counties"
            "wms_abstract"       "counties"
            "gml_include_items"  "name,state_name"
        END  # end METADATA
    END # end Layer	
    LAYER
        NAME Bio_Wildlife_HabAssess        
		PROJECTION
			"proj=longlat"
			"ellps=WGS84"
			"datum=WGS84"
			"no_defs"
		END
        TYPE     RASTER
        DUMP     TRUE
        STATUS   OFF
        DATA     /fsdata1/brf/TNC_WN_rasters/NCDEQ_BioWl_HabAssess_2.tif
        HEADER   ./templates/layer_query_header.html
        TEMPLATE ./templates/layer_query_body.html
        CLASS
		  NAME "Biodiversity/Wildlife Habitat Assessment Score"
		  EXPRESSION " "
		  STYLE
			COLOR 255 255 255
		  END #STYLE
		END #end class
		CLASS
		  NAME "Impervious surface >20%"
		  EXPRESSION ([pixel] = -1)
		  STYLE
			COLOR 104 104 104
		  END #STYLE
		END #end class
		CLASS
		  NAME "0 (Unrated)"
		  EXPRESSION ([pixel] = 0)
		  STYLE
			COLOR 212 208 200
		  END #STYLE
		END #end class
		CLASS
		  NAME "1 (Moderate)"
		  EXPRESSION ([pixel] = 1)
		  STYLE
			COLOR 255 250 209
		  END #STYLE
		END #end class
		CLASS
		  NAME "2-4"
		  EXPRESSION ([pixel] >= 2 AND [pixel] <= 4)
		  STYLE
			COLOR 255 255 115
		  END #STYLE
		END #end class
		CLASS
		  NAME "5"
		  EXPRESSION ([pixel] = 5)
		  STYLE
			COLOR 245 202 122
		  END #STYLE
		END #end class
		CLASS
		  NAME "6"
		  EXPRESSION ([pixel] = 6)
		  STYLE
			COLOR 205 170 102
		  END #STYLE
		END #end class
		CLASS
		  NAME "7"
		  EXPRESSION ([pixel] = 7)
		  STYLE
			COLOR 199 215 158
		  END #STYLE
		END #end class
		CLASS
		  NAME "8"
		  EXPRESSION ([pixel] = 8)
		  STYLE
			COLOR 171 214 156
		  END #STYLE
		END #end class
		CLASS
		  NAME "9-10 (Maximum)"
		  EXPRESSION ([pixel] >= 9 AND [pixel] <= 10)
		  STYLE
			COLOR 125 171 102
		  END #STYLE
		END #end class
		METADATA
            "wms_title"             "Bio_Wildlife_HabAssess"
            "wms_abstract"          "Bio_Wildlife_HabAssess"   
            "gml_include_items"     "value_0"			
        END  # end METADATA
    END # end LAYER
    LAYER
        NAME WN_Reclass_TNC_FinalResScore        
		PROJECTION
			"proj=lcc"
			"lat_1=34.33333333333334"
			"lat_2=36.16666666666666"
			"lat_0=33.75"
			"lon_0=-79"
			"x_0=609601.22"
			"y_0=0"
			"ellps=GRS80"
			"datum=NAD83"
			"units=m"
			"no_defs"
		END
        TYPE     RASTER
        DUMP     TRUE
        STATUS   OFF
        DATA     /fsdata1/brf/TNC_WN_rasters/WildlandsNetwork_reclass.tif
        HEADER   ./templates/layer_query_header.html
        TEMPLATE ./templates/layer_query_body.html
        CLASS
		  NAME "Reclassified TNC Final Resilience Score"
		  EXPRESSION " "
		  STYLE
			COLOR 255 255 255
		  END #STYLE
		END #end class
		CLASS
		  NAME "0"
		  EXPRESSION ([pixel] = 0)
		  STYLE
			COLOR 194 82 60
		  END #STYLE
		END #end class
		CLASS
		  NAME "1"
		  EXPRESSION ([pixel] = 1)
		  STYLE
			COLOR 209 102 48
		  END #STYLE
		END #end class
		CLASS
		  NAME "2"
		  EXPRESSION ([pixel] = 2)
		  STYLE
			COLOR 224 129 34
		  END #STYLE
		END #end class
		CLASS
		  NAME "3"
		  EXPRESSION ([pixel] = 3)
		  STYLE
			COLOR 237 164 19
		  END #STYLE
		END #end class
		CLASS
		  NAME "4"
		  EXPRESSION ([pixel] = 4)
		  STYLE
			COLOR 242 192 12
		  END #STYLE
		END #end class
		CLASS
		  NAME "5"
		  EXPRESSION ([pixel] = 5)
		  STYLE
			COLOR 250 229 5
		  END #STYLE
		END #end class
		CLASS
		  NAME "6"
		  EXPRESSION ([pixel] = 6)
		  STYLE
			COLOR 221 250 0
		  END #STYLE
		END #end class
		CLASS
		  NAME "7"
		  EXPRESSION ([pixel] = 7)
		  STYLE
			COLOR 123 237 0
		  END #STYLE
		END #end class 
		CLASS
		  NAME "8"
		  EXPRESSION ([pixel] = 8)
		  STYLE
			COLOR 33 222 0
		  END #STYLE
		END #end class    
		CLASS
		  NAME "9"
		  EXPRESSION ([pixel] = 9)
		  STYLE
			COLOR 10 204 46
		  END #STYLE
		END #end class
		CLASS
		  NAME "10"
		  EXPRESSION ([pixel] = 10)
		  STYLE
			COLOR 22 181 104
		  END #STYLE
		END #end class
		CLASS
		  NAME "11"
		  EXPRESSION ([pixel] = 11)
		  STYLE
			COLOR 31 156 137
		  END #STYLE
		END #end class
		CLASS
		  NAME "12"
		  EXPRESSION ([pixel] = 12)
		  STYLE
			COLOR 26 129 143
		  END #STYLE
		END #end class
		CLASS
		  NAME "13"
		  EXPRESSION ([pixel] = 13)
		  STYLE
			COLOR 19 87 133
		  END #STYLE
		END #end class
		CLASS
		  NAME "14"
		  EXPRESSION ([pixel] = 14)
		  STYLE
			COLOR 11 44 122
		  END #STYLE
		END #end class										
		METADATA
            "wms_title"             "WN_Reclass_TNC_FinalResScore"
            "wms_abstract"          "WN_Reclass_TNC_FinalResScore"   
            "gml_include_items"     "value_0"			
        END  # end METADATA
    END # end LAYER
	LAYER
        NAME WN_UnderrepSettings        
		PROJECTION
			"proj=lcc"
			"lat_1=34.33333333333334"
			"lat_2=36.16666666666666"
			"lat_0=33.75"
			"lon_0=-79"
			"x_0=609601.22"
			"y_0=0"
			"ellps=GRS80"
			"datum=NAD83"
			"units=m"
			"no_defs"
		END
        TYPE     RASTER
        DUMP     TRUE
        STATUS   OFF
        DATA     /fsdata1/brf/TNC_WN_rasters/WN_UnderrepSettings.tif
        HEADER   ./templates/layer_query_header.html
        TEMPLATE ./templates/layer_query_body.html
        CLASS
		  NAME "Wildlands Network - Underrepresented Settings"
		  EXPRESSION " "
		  STYLE
			COLOR 255 255 255
		  END #STYLE
		END #end class
		CLASS
		  NAME "Southern Blue Ridge"
		  EXPRESSION ([pixel] = 1)
		  STYLE
			COLOR 0 169 230
		  END #STYLE
		END #end class
		CLASS
		  NAME "Piedmont"
		  EXPRESSION ([pixel] = 2)
		  STYLE
			COLOR 85 255 0
		  END #STYLE
		END #end class										
		METADATA
            "wms_title"             "WN_UnderrepSettings"
            "wms_abstract"          "WN_UnderrepSettings"   
            "gml_include_items"     "value_0"			
        END  # end METADATA
    END # end LAYER
	LAYER
        NAME WN_HighPriority_resLand      
		PROJECTION
			"proj=lcc"
			"lat_1=34.33333333333334"
			"lat_2=36.16666666666666"
			"lat_0=33.75"
			"lon_0=-79"
			"x_0=609601.22"
			"y_0=0"
			"ellps=GRS80"
			"datum=NAD83"
			"units=m"
			"no_defs"
		END
        TYPE     RASTER
        DUMP     TRUE
        STATUS   OFF
        DATA     /fsdata1/brf/TNC_WN_rasters/WN_HighPriority_resLand.tif
        HEADER   ./templates/layer_query_header.html
        TEMPLATE ./templates/layer_query_body.html
        CLASS
		  NAME "Wildlands Network - High Priority Resilient Land"
		  EXPRESSION " "
		  STYLE
			COLOR 255 255 255
		  END #STYLE
		END #end class
		CLASS
		  NAME "1"
		  EXPRESSION ([pixel] = 1)
		  STYLE
			COLOR 230 152 0
		  END #STYLE
		END #end class								
		METADATA
            "wms_title"             "WN_HighPriority_resLand"
            "wms_abstract"          "WN_HighPriority_resLand"   
            "gml_include_items"     "value_0"			
        END  # end METADATA
    END # end LAYER    
    LAYER
        NAME WN_wildlifeConn_coarse   
		PROJECTION
			"proj=lcc"
			"lat_1=34.33333333333334"
			"lat_2=36.16666666666666"
			"lat_0=33.75"
			"lon_0=-79"
			"x_0=609601.22"
			"y_0=0"
			"ellps=GRS80"
			"datum=NAD83"
			"units=m"
			"no_defs"
		END
        TYPE     RASTER
        DUMP     TRUE
        STATUS   OFF
        DATA     /fsdata1/brf/TNC_WN_rasters/WN_wildlifeConn_coarse.tif
        HEADER   ./templates/layer_query_header.html
        TEMPLATE ./templates/layer_query_body.html
        CLASS
		  NAME "Wildlands Network - Wildlife Connectivity"
		  EXPRESSION " "
		  STYLE
			COLOR 255 255 255
		  END #STYLE
		END #end class
		CLASS
		   EXPRESSION ([pixel] >= 24 and [pixel] <= 240)
		   STYLE
			  COLORRANGE 240 251 255 7 47 107
			  DATARANGE 24 240
		   END
		END #end class								
		METADATA
            "wms_title"             "WN_wildlifeConn_coarse"
            "wms_abstract"          "WN_wildlifeConn_coarse"   
            "gml_include_items"     "value_0"			
        END  # end METADATA
    END # end LAYER
    LAYER
    	NAME NLCD_2011_Cropland
        PROJECTION
            "proj=aea"
            "lat_1=29.5"
            "lat_2=45.5"
            "lat_0=23"
            "lon_0=-96"
            "x_0=0"
            "y_0=0"
            "ellps=GRS80"
            "datum=NAD83"
            "units=m"
            "no_defs"
        END
        TYPE     RASTER
        DUMP     TRUE
        STATUS   OFF
        DATA     /fsdata1/landat/NLCD_2011.tif
        HEADER   ./templates/layer_query_header.html
        TEMPLATE ./templates/layer_query_body.html	
		CLASS
		  NAME "Pasture/Hay"
		  EXPRESSION ([pixel] = 81)
		  STYLE
			COLOR 219 216 61
		  END #STYLE
		END #end class
		CLASS
		  NAME "Cultivated Crops"
		  EXPRESSION ([pixel] = 82)
		  STYLE
			COLOR 170 112 40
		  END #STYLE
		END #end class  
		#INCLUDE "cmaps/gapnat.cmap"
        METADATA
            "wms_title"             "NNLCD Cropland/Pastureland, 2011"
            "wms_abstract"          "NNLCD Cropland/Pastureland, 2011"
            "gml_include_items"     "value_0"
        END  # end METADATA
    END # end LAYER	

	
END # end MAP
