MAP
    # the following two lines tell MapServer to write debugging output to a log file.  Remove the '#' from the beginning
    # of the two lines below to enable this logging:
    #CONFIG "MS_ERRORFILE" "../var/log/landat.log"
    #DEBUG 4

    # all temp files get prefixed with this string
    NAME ms_landat

    #jdm:added to accomodate map layers
    #see http://trac.osgeo.org/mapserver/ticket/3055
    MAXSIZE 3072 
    
    # background color of image if transparency
    # is not requested
    IMAGECOLOR 255 255 255

    # default output image dimensions
    SIZE 600 400

    # always returns a map
    STATUS ON

    # set top level projection
    PROJECTION
        "init=epsg:3785"
    END

    # image format options
    OUTPUTFORMAT
        NAME "PNG"
        DRIVER "GDAL/PNG"
        MIMETYPE "image/png"
        IMAGEMODE "RGB"
        EXTENSION "png"
    END

    # minx miny maxx maxy
    EXTENT    -124.733174 24.543940 -66.950005 49.384359 # US

    # add def pointers for symbols
    SYMBOLSET "./symbols/symbols35.sym"
    FONTSET   "./fonts/fonts.list"

    # Start of web interface definition
    WEB

        # this is the real filepath to the temp dir for intermediate file creation
        IMAGEPATH "./tmp"

        # this is the web-accessible path to IMAGEPATH
        IMAGEURL "/tmp/"

        HEADER "./templates/query_header.html"
        FOOTER "./templates/query_footer.html"

        METADATA
            "ows_enable_request"     "*"
            "wms_title"              "NEMAC landat WMS"
            "wms_abstract"           "NEMAC landat WMS"
            "wms_onlineresource"     "http://gis.nemac.org/landat"
            "wms_srs"                "EPSG:3785 EPSG:4326 EPSG:900913"
			"wms_feature_info_mime_type" "text/plain"
			"wms_feature_info_mime_type" "text/html"
        END
    END

    QUERYMAP
        STATUS ON
    END

    # set defaults for GetLegendGraphic requests 
    LEGEND
        KEYSIZE 30 20
		TEMPLATE "./templates/legend.html"
    END
  

















 
    ## Annual Phenology Variables
 
    # Mean Annual Greenness
    LAYER
        NAME MeanNDVI         
        PROJECTION
		    '+proj=laea +lat_0=45 +lon_0=-100 +x_0=0 +y_0=0 +a=6370997 +b=6370997 +units=m +no_defs '
		    END
        TYPE     RASTER
        DUMP     TRUE
        STATUS   OFF
        DATA     /fsdata4/landat/byte/a_avg_y1-17mean.byte.tif
        HEADER   ./templates/layer_query_header.html
        TEMPLATE ./templates/layer_query_body.html
        INCLUDE "cmaps/new/s_avg.cmap"
        METADATA
            "wms_title"             "Mean Annual NDVI"
            "wms_abstract"          "Mean Annual NDVI"
            "gml_include_items"     "value_0"
        END  # end METADATA
    END # end LAYER


    # Mean Growing Season Greenness
    LAYER
        NAME MeanAnnualNDVI
        PROJECTION
	'+proj=laea +lat_0=45 +lon_0=-100 +x_0=0 +y_0=0 +a=6370997 +b=6370997 +units=m +no_defs '
		END
        TYPE     RASTER
        DUMP     TRUE
        STATUS   OFF
        DATA     /fsdata4/landat/byte/s_avg_y1-17mean.byte.tif
        HEADER   ./templates/layer_query_header.html
        TEMPLATE ./templates/layer_query_body.html
	      INCLUDE "cmaps/new/s_avg.cmap"
        METADATA
            "wms_title"             "Mean Growing Season NDVI"
            "wms_abstract"          "Mean Growing Season NDVI"
            "gml_include_items"     "value_0"
        END  # end METADATA
    END # end LAYER

    # Degree of Seasonality
    LAYER
        NAME Seasonality         
        PROJECTION
		'+proj=laea +lat_0=45 +lon_0=-100 +x_0=0 +y_0=0 +a=6370997 +b=6370997 +units=m +no_defs '
		END
        TYPE     RASTER
        DUMP     TRUE
        STATUS   OFF
        DATA     /fsdata4/landat/byte/s_mag_standardized_y1-17mean.byte.tif
        HEADER   ./templates/layer_query_header.html
        TEMPLATE ./templates/layer_query_body.html
        INCLUDE "cmaps/new/s_mag.cmap"
        METADATA
            "wms_title"             "Degree of Seasonality"
            "wms_abstract"          "Degree of Seasonality"   
            "gml_include_items"     "value_0"			
        END  # end METADATA
    END # end LAYER	

    # Growing Season Greenness Variability
    LAYER
        NAME NDVIStdDv         
        PROJECTION
		    '+proj=laea +lat_0=45 +lon_0=-100 +x_0=0 +y_0=0 +a=6370997 +b=6370997 +units=m +no_defs '
        END
        TYPE     RASTER
        DUMP     TRUE
        STATUS   OFF
        DATA     /fsdata4/landat/byte/s_sd_y1-17mean.byte.tif
        HEADER   ./templates/layer_query_header.html
        TEMPLATE ./templates/layer_query_body.html
        INCLUDE "cmaps/new/s_sd.cmap"
        METADATA
            "wms_title"             "Growing Season Greenness Variability"
            "wms_abstract"          "Growing Season Greenness Variability"
            "gml_include_items"     "value_0"
        END  # end METADATA
    END # end LAYER	

    # Growing Season Length
    LAYER
        NAME SeasonLength         
        PROJECTION
        '+proj=laea +lat_0=45 +lon_0=-100 +x_0=0 +y_0=0 +a=6370997 +b=6370997 +units=m +no_defs '
        END
        TYPE     RASTER
        DUMP     TRUE
        STATUS   OFF
        DATA     /fsdata4/landat/byte/s_intv_y1-17mean.byte.tif
        HEADER   ./templates/layer_query_header.html
        TEMPLATE ./templates/layer_query_body.html
        INCLUDE "cmaps/new/s_intv.cmap"
        METADATA
            "wms_title"             "Growing Season Length"
            "wms_abstract"          "Growing Season Length"   
            "gml_include_items"     "value_0"			
        END  # end METADATA
    END # end LAYER		

    # Beginning of Growing Season   	
    LAYER
        NAME BeginningGrowingSeason       
        PROJECTION
        '+proj=laea +lat_0=45 +lon_0=-100 +x_0=0 +y_0=0 +a=6370997 +b=6370997 +units=m +no_defs '
        END
        TYPE     RASTER
        DUMP     TRUE
        STATUS   OFF
        DATA     /fsdata4/landat/es_doy_y1-17mean.tif
        HEADER   ./templates/layer_query_header.html
        TEMPLATE ./templates/layer_query_body.html
        INCLUDE "cmaps/new/es_doy.cmap"
        METADATA
            "wms_title"             "Beginning of Growing Season"
            "wms_abstract"          "Beginning of Growing Season"   
            "gml_include_items"     "value_0"			
        END  # end METADATA
    END # end LAYER	

    # Early Growing Season Center	
    LAYER
        NAME EarlyGrowingSeasonCenter
        PROJECTION
        '+proj=laea +lat_0=45 +lon_0=-100 +x_0=0 +y_0=0 +a=6370997 +b=6370997 +units=m +no_defs '
        END
        TYPE     RASTER
        DUMP     TRUE
        STATUS   OFF
        DATA     /fsdata4/landat/ems_doy_y1-17mean.tif
        HEADER   ./templates/layer_query_header.html
        TEMPLATE ./templates/layer_query_body.html
        INCLUDE "cmaps/new/ems_doy.cmap"
        METADATA
            "wms_title"             "Early Growing Season Center"
            "wms_abstract"          "Early Growing Season Center"
            "gml_include_items"     "value_0"			
        END  # end METADATA
    END # end LAYER	

    # Early Growing Season Magnitude
    LAYER
        NAME EarlyGrowingSeasonMagnitude
        PROJECTION
        '+proj=laea +lat_0=45 +lon_0=-100 +x_0=0 +y_0=0 +a=6370997 +b=6370997 +units=m +no_defs '
        END
        TYPE     RASTER
        DUMP     TRUE
        STATUS   OFF
        DATA     /fsdata4/landat/byte/ems_mag_y1-17mean.byte.tif
        HEADER   ./templates/layer_query_header.html
        TEMPLATE ./templates/layer_query_body.html
        INCLUDE "cmaps/new/ems_mag.cmap"
        METADATA
            "wms_title"             "Early Growing Season Magnitude"
            "wms_abstract"          "Early Growing Season Magnitude"
            "gml_include_items"     "value_0"			
        END  # end METADATA
    END # end LAYER	

    # Middle of Growing Season
    LAYER
        NAME Midpoint         
        PROJECTION
        '+proj=laea +lat_0=45 +lon_0=-100 +x_0=0 +y_0=0 +a=6370997 +b=6370997 +units=m +no_defs '
        END
        TYPE     RASTER
        DUMP     TRUE
        STATUS   OFF
        DATA     /fsdata4/landat/ms_doy_y1-17mean.tif
        HEADER   ./templates/layer_query_header.html
        TEMPLATE ./templates/layer_query_body.html
        # TODO
        INCLUDE "cmaps/new/ms_doy.cmap"
        METADATA
            "wms_title"             "Middle Growing Season"
            "wms_abstract"          "Middle Growing Season"   
            "gml_include_items"     "value_0"			
        END  # end METADATA
    END # end LAYER	

    # Late Growing Season Center
    LAYER
        NAME LateGrowingSeasonCenter
        PROJECTION
        '+proj=laea +lat_0=45 +lon_0=-100 +x_0=0 +y_0=0 +a=6370997 +b=6370997 +units=m +no_defs '
        END
        TYPE     RASTER
        DUMP     TRUE
        STATUS   OFF
        DATA     /fsdata4/landat/lms_doy_y1-17mean.tif
        HEADER   ./templates/layer_query_header.html
        TEMPLATE ./templates/layer_query_body.html
        INCLUDE "cmaps/new/lms_doy.cmap"
        METADATA
            "wms_title"             "Late Growing Season Center"
            "wms_abstract"          "Late Growing Season Center"
            "gml_include_items"     "value_0"			
        END  # end METADATA
    END # end LAYER


    # Late Growing Season Magnitude
    LAYER
        NAME LateGrowingSeasonMagnitude
        PROJECTION
        '+proj=laea +lat_0=45 +lon_0=-100 +x_0=0 +y_0=0 +a=6370997 +b=6370997 +units=m +no_defs '
        END
        TYPE     RASTER
        DUMP     TRUE
        STATUS   OFF
        DATA     /fsdata4/landat/byte/lms_mag_y1-17mean.byte.tif
        HEADER   ./templates/layer_query_header.html
        TEMPLATE ./templates/layer_query_body.html
        INCLUDE "cmaps/new/lms_mag.cmap"
        METADATA
            "wms_title"             "Late Growing Season Magnitude"
            "wms_abstract"          "Late Growing Season Magnitude"
            "gml_include_items"     "value_0"			
        END  # end METADATA
    END # end LAYER

    # End Growing Season
    LAYER
        NAME EndGrowingSeason
        PROJECTION
        '+proj=laea +lat_0=45 +lon_0=-100 +x_0=0 +y_0=0 +a=6370997 +b=6370997 +units=m +no_defs '
        END
        TYPE     RASTER
        DUMP     TRUE
        STATUS   OFF
        DATA     /fsdata4/landat/ls_doy_y1-17mean.tif
        HEADER   ./templates/layer_query_header.html
        TEMPLATE ./templates/layer_query_body.html
        INCLUDE "cmaps/new/ls_doy.cmap"
        METADATA
            "wms_title"             "End of Growing Season"
            "wms_abstract"          "End of Growing Season"   
            "gml_include_items"     "value_0"			
        END  # end METADATA
    END # end LAYER	























    ## Summary Phenology Variables

    # Factor 1 - Timing
    LAYER
        NAME Factor1Timing
        PROJECTION
        '+proj=laea +lat_0=45 +lon_0=-100 +x_0=0 +y_0=0 +a=6370997 +b=6370997 +units=m +no_defs '
        END
        TYPE     RASTER
        #OFFSITE 0 0 0
        DUMP     TRUE
        STATUS   OFF
        DATA     /fsdata4/landat/byte/fscore1.byte.tif
        HEADER   ./templates/layer_query_header.html
        TEMPLATE ./templates/layer_query_body.html
	      INCLUDE "cmaps/new/fscore1.cmap"
        METADATA
            "wms_title"             "Factor1Timing"
            "wms_abstract"          "Factor1Timing"   
            "gml_include_items"     "value_0"			
        END  # end METADATA
    END # end LAYER	

    # Factor 2 - Timing   
    LAYER
        NAME Factor2Timing
        PROJECTION
'+proj=laea +lat_0=45 +lon_0=-100 +x_0=0 +y_0=0 +a=6370997 +b=6370997 +units=m +no_defs '

		END
        TYPE     RASTER
        #OFFSITE 0 0 0
        DUMP     TRUE
        STATUS   OFF
        DATA     /fsdata4/landat/byte/fscore2.byte.tif
        HEADER   ./templates/layer_query_header.html
        TEMPLATE ./templates/layer_query_body.html
	      INCLUDE "cmaps/new/fscore2.cmap"
        METADATA
            "wms_title"             "Factor2Timing"
            "wms_abstract"          "Factor2Timing"   
            "gml_include_items"     "value_0"			
        END  # end METADATA
    END # end LAYER	

    # Factor 3 - Productivity
    LAYER
        NAME Factor3Productivity
        PROJECTION
'+proj=laea +lat_0=45 +lon_0=-100 +x_0=0 +y_0=0 +a=6370997 +b=6370997 +units=m +no_defs '

		    END
        TYPE     RASTER
        #OFFSITE 0 0 0
        DUMP     TRUE
        STATUS   OFF
        DATA     /fsdata4/landat/byte/fscore3.byte.tif
        HEADER   ./templates/layer_query_header.html
        TEMPLATE ./templates/layer_query_body.html
	      INCLUDE "cmaps/new/fscore3.cmap"
        METADATA
            "wms_title"             "Factor3Productivity"
            "wms_abstract"          "Factor3Productivity"   
            "gml_include_items"     "value_0"			
        END  # end METADATA
    END # end LAYER	

    # Factor 4 - Seasonality
    LAYER
        NAME Factor4Seasonality
        PROJECTION
'+proj=laea +lat_0=45 +lon_0=-100 +x_0=0 +y_0=0 +a=6370997 +b=6370997 +units=m +no_defs '

		END
        TYPE     RASTER
        OFFSITE 0 0 0
        DUMP     TRUE
        STATUS   OFF
        DATA     /fsdata4/landat/byte/fscore4.byte.tif
        HEADER   ./templates/layer_query_header.html
        TEMPLATE ./templates/layer_query_body.html
	      INCLUDE "cmaps/new/fscore4.cmap"
        METADATA
            "wms_title"             "Factor4Seasonality"
            "wms_abstract"          "Factor4Seasonality"   
            "gml_include_items"     "value_0"			
        END  # end METADATA
    END # end LAYER






















    ## Phenological Classes

    LAYER
        NAME Phenoclass500_MultiAnnual
        PROJECTION
'+proj=laea +lat_0=45 +lon_0=-100 +x_0=0 +y_0=0 +a=6370997 +b=6370997 +units=m +no_defs '
		END
        TYPE     RASTER
		PROCESSING "BANDS=4,3,2"
		OFFSITE 0 0 0
        DUMP     TRUE
        STATUS   OFF
        DATA     /fsdata4/landat/byte/fscore1234.byte.tif
        HEADER   ./templates/layer_query_header.html
        TEMPLATE ./templates/layer_query_body.html
        METADATA
            "wms_title"             "Multi-Annual Phenoclasses"
            "wms_abstract"          "Multi-Annual Phenoclasses"   
            "gml_include_items"     "value_0"			
        END  # end METADATA
    END # end LAYER	


    LAYER
        NAME Phenoclass500_2001      
        PROJECTION
'+proj=laea +lat_0=45 +lon_0=-100 +x_0=0 +y_0=0 +a=6370997 +b=6370997 +units=m +no_defs '
        END
        TYPE     RASTER
	      PROCESSING "BANDS=4,3,2"
		    OFFSITE 0 0 0
        DUMP     TRUE
        STATUS   OFF
        DATA     /fsdata4/landat/byte/f1234centroids_y01.byte.tif
        HEADER   ./templates/layer_query_header.html
        TEMPLATE ./templates/layer_query_body.html
        METADATA
            "wms_title"             "Phenoclasses 2001"
            "wms_abstract"          "Phenoclasses 2001"   
            "gml_include_items"     "value_0"			
        END  # end METADATA
    END # end LAYER

    LAYER
        NAME Phenoclass500_2002
        PROJECTION
'+proj=laea +lat_0=45 +lon_0=-100 +x_0=0 +y_0=0 +a=6370997 +b=6370997 +units=m +no_defs '
        END
        TYPE     RASTER
	      PROCESSING "BANDS=4,3,2"
		    OFFSITE 0 0 0
        DUMP     TRUE
        STATUS   OFF
        DATA     /fsdata4/landat/byte/f1234centroids_y02.byte.tif
        HEADER   ./templates/layer_query_header.html
        TEMPLATE ./templates/layer_query_body.html
        METADATA
            "wms_title"             "Phenoclasses 2002"
            "wms_abstract"          "Phenoclasses 2002"   
            "gml_include_items"     "value_0"			
        END  # end METADATA
    END # end LAYER


    LAYER
        NAME Phenoclass500_2003
        PROJECTION
'+proj=laea +lat_0=45 +lon_0=-100 +x_0=0 +y_0=0 +a=6370997 +b=6370997 +units=m +no_defs '
        END
        TYPE     RASTER
	      PROCESSING "BANDS=4,3,2"
		    OFFSITE 0 0 0
        DUMP     TRUE
        STATUS   OFF
        DATA     /fsdata4/landat/byte/f1234centroids_y03.byte.tif
        HEADER   ./templates/layer_query_header.html
        TEMPLATE ./templates/layer_query_body.html
        METADATA
            "wms_title"             "Phenoclasses 2003"
            "wms_abstract"          "Phenoclasses 2003"   
            "gml_include_items"     "value_0"			
        END  # end METADATA
    END # end LAYER

    LAYER
        NAME Phenoclass500_2004
        PROJECTION
'+proj=laea +lat_0=45 +lon_0=-100 +x_0=0 +y_0=0 +a=6370997 +b=6370997 +units=m +no_defs '
        END
        TYPE     RASTER
	      PROCESSING "BANDS=4,3,2"
		    OFFSITE 0 0 0
        DUMP     TRUE
        STATUS   OFF
        DATA     /fsdata4/landat/byte/f1234centroids_y04.byte.tif
        HEADER   ./templates/layer_query_header.html
        TEMPLATE ./templates/layer_query_body.html
        METADATA
            "wms_title"             "Phenoclasses 2004"
            "wms_abstract"          "Phenoclasses 2004"   
            "gml_include_items"     "value_0"			
        END  # end METADATA
    END # end LAYER

    LAYER
        NAME Phenoclass500_2005
        PROJECTION
'+proj=laea +lat_0=45 +lon_0=-100 +x_0=0 +y_0=0 +a=6370997 +b=6370997 +units=m +no_defs '
        END
        TYPE     RASTER
	      PROCESSING "BANDS=4,3,2"
		    OFFSITE 0 0 0
        DUMP     TRUE
        STATUS   OFF
        DATA     /fsdata4/landat/byte/f1234centroids_y05.byte.tif
        HEADER   ./templates/layer_query_header.html
        TEMPLATE ./templates/layer_query_body.html
        METADATA
            "wms_title"             "Phenoclasses 2005"
            "wms_abstract"          "Phenoclasses 2005"   
            "gml_include_items"     "value_0"			
        END  # end METADATA
    END # end LAYER

    LAYER
        NAME Phenoclass500_2006
        PROJECTION
'+proj=laea +lat_0=45 +lon_0=-100 +x_0=0 +y_0=0 +a=6370997 +b=6370997 +units=m +no_defs '
        END
        TYPE     RASTER
	      PROCESSING "BANDS=4,3,2"
		    OFFSITE 0 0 0
        DUMP     TRUE
        STATUS   OFF
        DATA     /fsdata4/landat/byte/f1234centroids_y06.byte.tif
        HEADER   ./templates/layer_query_header.html
        TEMPLATE ./templates/layer_query_body.html
        METADATA
            "wms_title"             "Phenoclasses 2006"
            "wms_abstract"          "Phenoclasses 2006"   
            "gml_include_items"     "value_0"			
        END  # end METADATA
    END # end LAYER

    LAYER
        NAME Phenoclass500_2007
        PROJECTION
'+proj=laea +lat_0=45 +lon_0=-100 +x_0=0 +y_0=0 +a=6370997 +b=6370997 +units=m +no_defs '
        END
        TYPE     RASTER
	      PROCESSING "BANDS=4,3,2"
		    OFFSITE 0 0 0
        DUMP     TRUE
        STATUS   OFF
        DATA     /fsdata4/landat/byte/f1234centroids_y07.byte.tif
        HEADER   ./templates/layer_query_header.html
        TEMPLATE ./templates/layer_query_body.html
        METADATA
            "wms_title"             "Phenoclasses 2007"
            "wms_abstract"          "Phenoclasses 2007"   
            "gml_include_items"     "value_0"			
        END  # end METADATA
    END # end LAYER

    LAYER
        NAME Phenoclass500_2008
        PROJECTION
'+proj=laea +lat_0=45 +lon_0=-100 +x_0=0 +y_0=0 +a=6370997 +b=6370997 +units=m +no_defs '
        END
        TYPE     RASTER
	      PROCESSING "BANDS=4,3,2"
		    OFFSITE 0 0 0
        DUMP     TRUE
        STATUS   OFF
        DATA     /fsdata4/landat/byte/f1234centroids_y08.byte.tif
        HEADER   ./templates/layer_query_header.html
        TEMPLATE ./templates/layer_query_body.html
        METADATA
            "wms_title"             "Phenoclasses 2008"
            "wms_abstract"          "Phenoclasses 2008"   
            "gml_include_items"     "value_0"			
        END  # end METADATA
    END # end LAYER


    LAYER
        NAME Phenoclass500_2009
        PROJECTION
'+proj=laea +lat_0=45 +lon_0=-100 +x_0=0 +y_0=0 +a=6370997 +b=6370997 +units=m +no_defs '
        END
        TYPE     RASTER
	      PROCESSING "BANDS=4,3,2"
		    OFFSITE 0 0 0
        DUMP     TRUE
        STATUS   OFF
        DATA     /fsdata4/landat/byte/f1234centroids_y09.byte.tif
        HEADER   ./templates/layer_query_header.html
        TEMPLATE ./templates/layer_query_body.html
        METADATA
            "wms_title"             "Phenoclasses 2009"
            "wms_abstract"          "Phenoclasses 2009"   
            "gml_include_items"     "value_0"			
        END  # end METADATA
    END # end LAYER


    LAYER
        NAME Phenoclass500_2010
        PROJECTION
'+proj=laea +lat_0=45 +lon_0=-100 +x_0=0 +y_0=0 +a=6370997 +b=6370997 +units=m +no_defs '
        END
        TYPE     RASTER
	      PROCESSING "BANDS=4,3,2"
		    OFFSITE 0 0 0
        DUMP     TRUE
        STATUS   OFF
        DATA     /fsdata4/landat/byte/f1234centroids_y10.byte.tif
        HEADER   ./templates/layer_query_header.html
        TEMPLATE ./templates/layer_query_body.html
        METADATA
            "wms_title"             "Phenoclasses 2010"
            "wms_abstract"          "Phenoclasses 2010"   
            "gml_include_items"     "value_0"			
        END  # end METADATA
    END # end LAYER

    LAYER
        NAME Phenoclass500_2011
        PROJECTION
'+proj=laea +lat_0=45 +lon_0=-100 +x_0=0 +y_0=0 +a=6370997 +b=6370997 +units=m +no_defs '
        END
        TYPE     RASTER
	      PROCESSING "BANDS=4,3,2"
		    OFFSITE 0 0 0
        DUMP     TRUE
        STATUS   OFF
        DATA     /fsdata4/landat/byte/f1234centroids_y11.byte.tif
        HEADER   ./templates/layer_query_header.html
        TEMPLATE ./templates/layer_query_body.html
        METADATA
            "wms_title"             "Phenoclasses 2011"
            "wms_abstract"          "Phenoclasses 2011"   
            "gml_include_items"     "value_0"			
        END  # end METADATA
    END # end LAYER


    LAYER
        NAME Phenoclass500_2012
        PROJECTION
'+proj=laea +lat_0=45 +lon_0=-100 +x_0=0 +y_0=0 +a=6370997 +b=6370997 +units=m +no_defs '
        END
        TYPE     RASTER
	      PROCESSING "BANDS=4,3,2"
		    OFFSITE 0 0 0
        DUMP     TRUE
        STATUS   OFF
        DATA     /fsdata4/landat/byte/f1234centroids_y12.byte.tif
        HEADER   ./templates/layer_query_header.html
        TEMPLATE ./templates/layer_query_body.html
        METADATA
            "wms_title"             "Phenoclasses 2012"
            "wms_abstract"          "Phenoclasses 2012"   
            "gml_include_items"     "value_0"			
        END  # end METADATA
    END # end LAYER



    LAYER
        NAME Phenoclass500_2013
        PROJECTION
'+proj=laea +lat_0=45 +lon_0=-100 +x_0=0 +y_0=0 +a=6370997 +b=6370997 +units=m +no_defs '
        END
        TYPE     RASTER
	      PROCESSING "BANDS=4,3,2"
		    OFFSITE 0 0 0
        DUMP     TRUE
        STATUS   OFF
        DATA     /fsdata4/landat/byte/f1234centroids_y13.byte.tif
        HEADER   ./templates/layer_query_header.html
        TEMPLATE ./templates/layer_query_body.html
        METADATA
            "wms_title"             "Phenoclasses 2013"
            "wms_abstract"          "Phenoclasses 2013"   
            "gml_include_items"     "value_0"			
        END  # end METADATA
    END # end LAYER


    LAYER
        NAME Phenoclass500_2014
        PROJECTION
'+proj=laea +lat_0=45 +lon_0=-100 +x_0=0 +y_0=0 +a=6370997 +b=6370997 +units=m +no_defs '
        END
        TYPE     RASTER
	      PROCESSING "BANDS=4,3,2"
		    OFFSITE 0 0 0
        DUMP     TRUE
        STATUS   OFF
        DATA     /fsdata4/landat/byte/f1234centroids_y14.byte.tif
        HEADER   ./templates/layer_query_header.html
        TEMPLATE ./templates/layer_query_body.html
        METADATA
            "wms_title"             "Phenoclasses 2014"
            "wms_abstract"          "Phenoclasses 2014"   
            "gml_include_items"     "value_0"			
        END  # end METADATA
    END # end LAYER


    LAYER
        NAME Phenoclass500_2015
        PROJECTION
'+proj=laea +lat_0=45 +lon_0=-100 +x_0=0 +y_0=0 +a=6370997 +b=6370997 +units=m +no_defs '
        END
        TYPE     RASTER
	      PROCESSING "BANDS=4,3,2"
		    OFFSITE 0 0 0
        DUMP     TRUE
        STATUS   OFF
        DATA     /fsdata4/landat/byte/f1234centroids_y15.byte.tif
        HEADER   ./templates/layer_query_header.html
        TEMPLATE ./templates/layer_query_body.html
        METADATA
            "wms_title"             "Phenoclasses 2015"
            "wms_abstract"          "Phenoclasses 2015"   
            "gml_include_items"     "value_0"			
        END  # end METADATA
    END # end LAYER



    LAYER
        NAME Phenoclass500_2016
        PROJECTION
'+proj=laea +lat_0=45 +lon_0=-100 +x_0=0 +y_0=0 +a=6370997 +b=6370997 +units=m +no_defs '
        END
        TYPE     RASTER
	      PROCESSING "BANDS=4,3,2"
		    OFFSITE 0 0 0
        DUMP     TRUE
        STATUS   OFF
        DATA     /fsdata4/landat/byte/f1234centroids_y16.byte.tif
        HEADER   ./templates/layer_query_header.html
        TEMPLATE ./templates/layer_query_body.html
        METADATA
            "wms_title"             "Phenoclasses 2016"
            "wms_abstract"          "Phenoclasses 2016"   
            "gml_include_items"     "value_0"			
        END  # end METADATA
    END # end LAYER


    LAYER
        NAME Phenoclass500_2017
        PROJECTION
'+proj=laea +lat_0=45 +lon_0=-100 +x_0=0 +y_0=0 +a=6370997 +b=6370997 +units=m +no_defs '
        END
        TYPE     RASTER
	      PROCESSING "BANDS=4,3,2"
		    OFFSITE 0 0 0
        DUMP     TRUE
        STATUS   OFF
        DATA     /fsdata4/landat/byte/f1234centroids_y17.byte.tif
        HEADER   ./templates/layer_query_header.html
        TEMPLATE ./templates/layer_query_body.html
        METADATA
            "wms_title"             "Phenoclasses 2017"
            "wms_abstract"          "Phenoclasses 2017"   
            "gml_include_items"     "value_0"			
        END  # end METADATA
    END # end LAYER













    ## Phenological Change Metrics

	LAYER
    NAME TotalPath         
    PROJECTION
'+proj=laea +lat_0=45 +lon_0=-100 +x_0=0 +y_0=0 +a=6370997 +b=6370997 +units=m +no_defs '
		END
    TYPE     RASTER
    DUMP     TRUE
    STATUS   OFF
    DATA     /fsdata4/landat/byte/phenodistance_totpath.byte.tif
    HEADER   ./templates/layer_query_header.html
    TEMPLATE ./templates/layer_query_body.html
    INCLUDE "cmaps/new/pheno_totpath.cmap"
  END

	LAYER
    NAME FinalDistance         
    PROJECTION
      '+proj=laea +lat_0=45 +lon_0=-100 +x_0=0 +y_0=0 +a=6370997 +b=6370997 +units=m +no_defs '
    END
    TYPE     RASTER
    DUMP     TRUE
    STATUS   OFF
    DATA     /fsdata4/landat/byte/phenodistance_findist.byte.tif
    HEADER   ./templates/layer_query_header.html
    TEMPLATE ./templates/layer_query_body.html
    INCLUDE "cmaps/new/pheno_findist.cmap"
  END


  LAYER
    NAME MaximumStep         
    PROJECTION
	'+proj=laea +lat_0=45 +lon_0=-100 +x_0=0 +y_0=0 +a=6370997 +b=6370997 +units=m +no_defs '
		END
    TYPE     RASTER
    DUMP     TRUE
    STATUS   OFF
    DATA     /fsdata4/landat/byte/phenodistance_maxstep.byte.tif
    HEADER   ./templates/layer_query_header.html
    TEMPLATE ./templates/layer_query_body.html
    INCLUDE "cmaps/new/pheno_maxstep.cmap"
  END

  LAYER
    NAME MeanStep         
    PROJECTION
		'+proj=laea +lat_0=45 +lon_0=-100 +x_0=0 +y_0=0 +a=6370997 +b=6370997 +units=m +no_defs '
		END
    TYPE     RASTER
    DUMP     TRUE
    STATUS   OFF
    DATA     /fsdata4/landat/byte/phenodistance_meanstep.byte.tif
    HEADER   ./templates/layer_query_header.html
    TEMPLATE ./templates/layer_query_body.html
    INCLUDE "cmaps/new/pheno_meanstep.cmap"
  END

  LAYER
    NAME MinimumStep         
    PROJECTION
			'+proj=laea +lat_0=45 +lon_0=-100 +x_0=0 +y_0=0 +a=6370997 +b=6370997 +units=m +no_defs '
		END
    TYPE     RASTER
    DUMP     TRUE
    STATUS   OFF
    DATA     /fsdata4/landat/byte/phenodistance_minstep.byte.tif
    HEADER   ./templates/layer_query_header.html
    TEMPLATE ./templates/layer_query_body.html
    INCLUDE "cmaps/new/pheno_minstep.cmap"
  END

  LAYER
    NAME MaximumDistance         
    PROJECTION
				'+proj=laea +lat_0=45 +lon_0=-100 +x_0=0 +y_0=0 +a=6370997 +b=6370997 +units=m +no_defs '
		END
    TYPE     RASTER
    DUMP     TRUE
    STATUS   OFF
    DATA     /fsdata4/landat/byte/phenodistance_maxdist.byte.tif
    HEADER   ./templates/layer_query_header.html
    TEMPLATE ./templates/layer_query_body.html
    INCLUDE "cmaps/new/pheno_maxdist.cmap"
  END

  LAYER
    NAME MeanDistance         
    PROJECTION
					'+proj=laea +lat_0=45 +lon_0=-100 +x_0=0 +y_0=0 +a=6370997 +b=6370997 +units=m +no_defs '
		END
    TYPE     RASTER
    DUMP     TRUE
    STATUS   OFF
    DATA     /fsdata4/landat/byte/phenodistance_meandist.byte.tif
    HEADER   ./templates/layer_query_header.html
    TEMPLATE ./templates/layer_query_body.html
    INCLUDE "cmaps/new/pheno_meandist.cmap"
  END


  LAYER
    NAME MinimumDistance         
    PROJECTION
			'+proj=laea +lat_0=45 +lon_0=-100 +x_0=0 +y_0=0 +a=6370997 +b=6370997 +units=m +no_defs '
		END
    TYPE     RASTER
    DUMP     TRUE
    STATUS   OFF
    DATA     /fsdata4/landat/byte/phenodistance_mindist.byte.tif
    HEADER   ./templates/layer_query_header.html
    TEMPLATE ./templates/layer_query_body.html
    INCLUDE "cmaps/new/pheno_mindist.cmap"
  END











  ## Landscape information-theoretic metrics

	LAYER
    NAME DynamicActivity         
    PROJECTION
      '+proj=laea +lat_0=45 +lon_0=-100 +x_0=0 +y_0=0 +a=6370997 +b=6370997 +units=m +no_defs '
    END
    TYPE     RASTER
    DUMP     TRUE
    STATUS   OFF
    DATA     /fsdata4/landat/byte/lda_5win.byte.tif
    HEADER   ./templates/layer_query_header.html
    TEMPLATE ./templates/layer_query_body.html
    INCLUDE "cmaps/new/lda.cmap"
  END




	LAYER
    NAME MeanShannon         
    PROJECTION
      '+proj=laea +lat_0=45 +lon_0=-100 +x_0=0 +y_0=0 +a=6370997 +b=6370997 +units=m +no_defs '
    END
    TYPE     RASTER
    DUMP     TRUE
    STATUS   OFF
    DATA     /fsdata4/landat/byte/hx_5win.byte.tif
    HEADER   ./templates/layer_query_header.html
    TEMPLATE ./templates/layer_query_body.html
    INCLUDE "cmaps/new/hx.cmap"
  END # end LAYER


	LAYER
    NAME MutualInformation         
    PROJECTION
      '+proj=laea +lat_0=45 +lon_0=-100 +x_0=0 +y_0=0 +a=6370997 +b=6370997 +units=m +no_defs '
		END
    TYPE     RASTER
    DUMP     TRUE
    STATUS   OFF
    DATA     /fsdata4/landat/byte/mi_5win.byte.tif
    HEADER   ./templates/layer_query_header.html
    TEMPLATE ./templates/layer_query_body.html
    INCLUDE "cmaps/new/mi.cmap"
  END # end LAYER


	LAYER
    NAME ConditionalEntropy         
    PROJECTION
      '+proj=laea +lat_0=45 +lon_0=-100 +x_0=0 +y_0=0 +a=6370997 +b=6370997 +units=m +no_defs '
		END
    TYPE     RASTER
    DUMP     TRUE
    STATUS   OFF
    DATA     /fsdata4/landat/byte/condent_5win.byte.tif
    HEADER   ./templates/layer_query_header.html
    TEMPLATE ./templates/layer_query_body.html
    INCLUDE "cmaps/new/condent.cmap"
  END # end LAYER	


  LAYER
    NAME Development         
    PROJECTION
        '+proj=laea +lat_0=45 +lon_0=-100 +x_0=0 +y_0=0 +a=6370997 +b=6370997 +units=m +no_defs '
		END
    TYPE     RASTER
    DUMP     TRUE
    STATUS   OFF
    DATA     /fsdata4/landat/byte/develop_5win.byte.tif
    HEADER   ./templates/layer_query_header.html
    TEMPLATE ./templates/layer_query_body.html
	  INCLUDE "cmaps/new/develop.cmap"
    METADATA
        "wms_title"             "Development"
        "wms_abstract"          "Development"   
        "gml_include_items"     "value_0"			
    END  # end METADATA
  END # end LAYER


	LAYER
    NAME Capacity  
    PROJECTION
							'+proj=laea +lat_0=45 +lon_0=-100 +x_0=0 +y_0=0 +a=6370997 +b=6370997 +units=m +no_defs '
		END
    TYPE     RASTER
    DUMP     TRUE
    STATUS   OFF
    DATA     /fsdata4/landat/byte/capacity_5win.byte.tif
    HEADER   ./templates/layer_query_header.html
    TEMPLATE ./templates/layer_query_body.html
	  INCLUDE "cmaps/new/capacity.cmap"
    METADATA
        "wms_title"             "Capacity"
        "wms_abstract"          "Capacity"   
        "gml_include_items"     "value_0"			
    END  # end METADATA
  END # end LAYER		


  LAYER
    NAME Ascendency         
    PROJECTION
			'+proj=laea +lat_0=45 +lon_0=-100 +x_0=0 +y_0=0 +a=6370997 +b=6370997 +units=m +no_defs '
		END
    TYPE     RASTER
    DUMP     TRUE
    STATUS   OFF
    DATA     /fsdata4/landat/byte/ascend_5win.byte.tif
    HEADER   ./templates/layer_query_header.html
    TEMPLATE ./templates/layer_query_body.html
	  INCLUDE "cmaps/new/ascend.cmap"
    METADATA
        "wms_title"             "Ascendency"
        "wms_abstract"          "Ascendency"   
        "gml_include_items"     "value_0"			
    END  # end METADATA
  END # end LAYER 



	LAYER
    NAME Overhead         
    PROJECTION
			'+proj=laea +lat_0=45 +lon_0=-100 +x_0=0 +y_0=0 +a=6370997 +b=6370997 +units=m +no_defs '
		END
    TYPE     RASTER
    DUMP     TRUE
    STATUS   OFF
    DATA     /fsdata4/landat/byte/ovhead_5win.byte.tif
    HEADER   ./templates/layer_query_header.html
    TEMPLATE ./templates/layer_query_body.html
	  INCLUDE "cmaps/new/ovhead.cmap"
    METADATA
        "wms_title"             "Overhead"
        "wms_abstract"          "Overhead"   
        "gml_include_items"     "value_0"			
    END  # end METADATA
  END # end LAYER






  ## Long-term Landscape Shift

  LAYER
    NAME CompositionalShift		
    PROJECTION
			'+proj=laea +lat_0=45 +lon_0=-100 +x_0=0 +y_0=0 +a=6370997 +b=6370997 +units=m +no_defs '
		END
    TYPE     RASTER
    DUMP     TRUE
    STATUS   OFF
    DATA     /fsdata4/landat/byte/kl.dist_5win.byte.tif
    HEADER   ./templates/layer_query_header.html
    TEMPLATE ./templates/layer_query_body.html		
	  INCLUDE "cmaps/new/kl_dist.cmap"
    METADATA
        "wms_title"             "Compositional Shift"
        "wms_abstract"          "Compositional Shift"   
        "gml_include_items"     "value_0"			
    END  # end METADATA
  END # end LAYER	



  # Growing Season Greenness Trajectory
  LAYER
    NAME ChangeGrowingSeasonGreenness
    PROJECTION
		  '+proj=laea +lat_0=45 +lon_0=-100 +x_0=0 +y_0=0 +a=6370997 +b=6370997 +units=m +no_defs '
    END
    TYPE     RASTER
    DUMP     TRUE
    STATUS   OFF
    DATA     /fsdata4/landat/byte/s_avg.eqdif_5win.byte.tif
    HEADER   ./templates/layer_query_header.html
    TEMPLATE ./templates/layer_query_body.html	
    INCLUDE "cmaps/new/s_avg.eqdif.cmap"
    METADATA
        "wms_title"             "Growing Season Greenness Trajectory"
        "wms_abstract"          "Growing Season Greenness Trajectory"
        "gml_include_items"     "value_0"
    END  # end METADATA
  END # end LAYER

  # Seasonality Trajectory
  LAYER
    NAME SeasonalityTrajectory
    PROJECTION
	    '+proj=laea +lat_0=45 +lon_0=-100 +x_0=0 +y_0=0 +a=6370997 +b=6370997 +units=m +no_defs '
	  END
    TYPE     RASTER
    DUMP     TRUE
    STATUS   OFF
    DATA     /fsdata4/landat/byte/s_mag.eqdif_5win.byte.tif
    HEADER   ./templates/layer_query_header.html
    TEMPLATE ./templates/layer_query_body.html	
    INCLUDE "cmaps/new/s_mag.eqdif.cmap"
    METADATA
        "wms_title"             "Seasonality Trajectory"
        "wms_abstract"          "Seasonality Trajectory"
        "gml_include_items"     "value_0"
    END  # end METADATA
  END # end LAYER

  # Growing Season Length Trajectory
  LAYER
    NAME GrowingSeasonLengthTrajectory
    PROJECTION
      '+proj=laea +lat_0=45 +lon_0=-100 +x_0=0 +y_0=0 +a=6370997 +b=6370997 +units=m +no_defs '
    END
    TYPE     RASTER
    DUMP     TRUE
    STATUS   OFF
    DATA     /fsdata4/landat/byte/s_intv.eqdif_5win.byte.tif
    HEADER   ./templates/layer_query_header.html
    TEMPLATE ./templates/layer_query_body.html
    INCLUDE "cmaps/new/s_intv.eqdif.cmap"
    METADATA
        "wms_title"             "Seasonality Trajectory"
        "wms_abstract"          "Seasonality Trajectory"
        "gml_include_items"     "value_0"
    END  # end METADATA
  END # end LAYER

  # Middle of Growing Season Trajectory
  LAYER
    NAME MidGrowingSeasonTrajectory
    PROJECTION
	  '+proj=laea +lat_0=45 +lon_0=-100 +x_0=0 +y_0=0 +a=6370997 +b=6370997 +units=m +no_defs '
	  END
    TYPE     RASTER
    DUMP     TRUE
    STATUS   OFF
    DATA     /fsdata4/landat/byte/ms_doy.eqdif_5win.byte.tif
    HEADER   ./templates/layer_query_header.html
    TEMPLATE ./templates/layer_query_body.html
    INCLUDE "cmaps/new/ms_doy.eqdif.cmap"
    METADATA
        "wms_title"             "Middle of Growing Season Trajectory"
        "wms_abstract"          "Middle of Growing Season Trajectory"
        "gml_include_items"     "value_0"
    END  # end METADATA
  END # end LAYER

  # Factor 1 Trajectory
  LAYER
    NAME ChangeFactor1
    PROJECTION
      '+proj=laea +lat_0=45 +lon_0=-100 +x_0=0 +y_0=0 +a=6370997 +b=6370997 +units=m +no_defs '
    END
    TYPE     RASTER
    DUMP     TRUE
    STATUS   OFF
    DATA     /fsdata4/landat/byte/f1.eqdif_5win.byte.tif
    HEADER   ./templates/layer_query_header.html
    TEMPLATE ./templates/layer_query_body.html
    INCLUDE "cmaps/new/f1.eqdif.cmap"
    METADATA
        "wms_title"             "Factor 1 Trajectory"
        "wms_abstract"          "Factor 1 Trajectory"
        "gml_include_items"     "value_0"
    END  # end METADATA
  END # end LAYER

  # Factor 2 Trajectory
  LAYER
    NAME ChangeFactor2
    PROJECTION
      '+proj=laea +lat_0=45 +lon_0=-100 +x_0=0 +y_0=0 +a=6370997 +b=6370997 +units=m +no_defs '
    END
    TYPE     RASTER
    DUMP     TRUE
    STATUS   OFF
    DATA     /fsdata4/landat/byte/f2.eqdif_5win.byte.tif
    HEADER   ./templates/layer_query_header.html
    TEMPLATE ./templates/layer_query_body.html
    INCLUDE "cmaps/new/f2.eqdif.cmap"
    METADATA
        "wms_title"             "Factor 2 Trajectory"
        "wms_abstract"          "Factor 2 Trajectory"
        "gml_include_items"     "value_0"
    END  # end METADATA
  END # end LAYER

  # Factor 3 Trajectory
  LAYER
    NAME ChangeFactor3
    PROJECTION
	    '+proj=laea +lat_0=45 +lon_0=-100 +x_0=0 +y_0=0 +a=6370997 +b=6370997 +units=m +no_defs '
	  END
    TYPE     RASTER
    DUMP     TRUE
    STATUS   OFF
    DATA     /fsdata4/landat/byte/f3.eqdif_5win.byte.tif
    HEADER   ./templates/layer_query_header.html
    TEMPLATE ./templates/layer_query_body.html
    INCLUDE "cmaps/new/f3.eqdif.cmap"
    METADATA
        "wms_title"             "Factor 3 Trajectory"
        "wms_abstract"          "Factor 3 Trajectory"
        "gml_include_items"     "value_0"
    END  # end METADATA
  END # end LAYER

  # Factor 4 Trajectory
  LAYER
    NAME ChangeFactor4
    PROJECTION
      '+proj=laea +lat_0=45 +lon_0=-100 +x_0=0 +y_0=0 +a=6370997 +b=6370997 +units=m +no_defs '
    END
    TYPE     RASTER
    DUMP     TRUE
    STATUS   OFF
    DATA     /fsdata4/landat/byte/f4.eqdif_5win.byte.tif
    HEADER   ./templates/layer_query_header.html
    TEMPLATE ./templates/layer_query_body.html
    INCLUDE "cmaps/new/f4.eqdif.cmap"
    METADATA
        "wms_title"             "Factor 4 Trajectory"
        "wms_abstract"          "Factor 4 Trajectory"
        "gml_include_items"     "value_0"
    END  # end METADATA
    END # end LAYER

    # Shannon Entropy Trajectory
    LAYER
      NAME ChangeShannon
      PROJECTION
        '+proj=laea +lat_0=45 +lon_0=-100 +x_0=0 +y_0=0 +a=6370997 +b=6370997 +units=m +no_defs '
      END
      TYPE     RASTER
      DUMP     TRUE
      STATUS   OFF
      DATA     /fsdata4/landat/byte/hx.eqdif_5win.byte.tif
      HEADER   ./templates/layer_query_header.html
      TEMPLATE ./templates/layer_query_body.html
      INCLUDE "cmaps/new/hx.eqdif.cmap"
      METADATA
          "wms_title"             "Shannon Entropy Trajectory"
          "wms_abstract"          "Shannon Entropy Trajectory"
          "gml_include_items"     "value_0"			
      END  # end METADATA
    END # end LAYER

  # Mutual Information Trajectory
  LAYER
    NAME ChangeMutualInfo         
    PROJECTION
      '+proj=laea +lat_0=45 +lon_0=-100 +x_0=0 +y_0=0 +a=6370997 +b=6370997 +units=m +no_defs '
    END
    TYPE     RASTER
    DUMP     TRUE
    STATUS   OFF
    DATA     /fsdata4/landat/byte/mi.eqdif_5win.byte.tif
    HEADER   ./templates/layer_query_header.html
    TEMPLATE ./templates/layer_query_body.html
    INCLUDE "cmaps/new/mi.eqdif.cmap"
    METADATA
        "wms_title"             "Mutual Information Trajectory"
        "wms_abstract"          "Mutual Information Trajectory"   
        "gml_include_items"     "value_0"			
    END  # end METADATA
  END # end LAYER

  # Conditional Entropy Trajectory
  LAYER
    NAME ChangeCondEntropy
    PROJECTION
      '+proj=laea +lat_0=45 +lon_0=-100 +x_0=0 +y_0=0 +a=6370997 +b=6370997 +units=m +no_defs '
    END
    TYPE     RASTER
    DUMP     TRUE
    STATUS   OFF
    DATA     /fsdata4/landat/byte/condent.eqdif_5win.byte.tif
    HEADER   ./templates/layer_query_header.html
    TEMPLATE ./templates/layer_query_body.html
    INCLUDE "cmaps/new/condent.eqdif.cmap"
    METADATA
        "wms_title"             "Conditional Entropy Trajectory"
        "wms_abstract"          "Conditional Entropy Trajectory"   
        "gml_include_items"     "value_0"			
    END  # end METADATA
  END # end LAYER

  # Development Trajectory
  LAYER
    NAME ChangeDevelopment
    PROJECTION
      '+proj=laea +lat_0=45 +lon_0=-100 +x_0=0 +y_0=0 +a=6370997 +b=6370997 +units=m +no_defs '
    END
    TYPE     RASTER
    DUMP     TRUE
    STATUS   OFF
    DATA     /fsdata4/landat/byte/develop.eqdif_5win.byte.tif
    HEADER   ./templates/layer_query_header.html
    TEMPLATE ./templates/layer_query_body.html
    INCLUDE "cmaps/new/develop.eqdif.cmap"
    METADATA
        "wms_title"             "Development Trajectory"
        "wms_abstract"          "Development Trajectory"   
        "gml_include_items"     "value_0"			
    END  # end METADATA
  END # end LAYER

  # Capacity Trajectory
  LAYER
    NAME ChangeCapacity
    PROJECTION
      '+proj=laea +lat_0=45 +lon_0=-100 +x_0=0 +y_0=0 +a=6370997 +b=6370997 +units=m +no_defs '
    END
    TYPE     RASTER
    DUMP     TRUE
    STATUS   OFF
    DATA     /fsdata4/landat/byte/capacity.eqdif_5win.byte.tif
    HEADER   ./templates/layer_query_header.html
    TEMPLATE ./templates/layer_query_body.html
    INCLUDE "cmaps/new/capacity.eqdif.cmap"
    METADATA
        "wms_title"             "Capacity Trajectory"
        "wms_abstract"          "Capacity Trajectory"   
        "gml_include_items"     "value_0"			
    END  # end METADATA
  END # end LAYER		

  # Ascendency Trajectory
  LAYER
    NAME ChangeAscendency         
    PROJECTION
      '+proj=laea +lat_0=45 +lon_0=-100 +x_0=0 +y_0=0 +a=6370997 +b=6370997 +units=m +no_defs '
    END
    TYPE     RASTER
    DUMP     TRUE
    STATUS   OFF
    DATA     /fsdata4/landat/byte/ascend.eqdif_5win.byte.tif
    HEADER   ./templates/layer_query_header.html
    TEMPLATE ./templates/layer_query_body.html
    INCLUDE "cmaps/new/ascend.eqdif.cmap"
    METADATA
        "wms_title"             "Ascendency Trajectory"
        "wms_abstract"          "Ascendency Trajectory"   
        "gml_include_items"     "value_0"			
    END  # end METADATA
  END # end LAYER 

  # Overhead Trajectory
  LAYER
    NAME ChangeOverhead         
    PROJECTION
      '+proj=laea +lat_0=45 +lon_0=-100 +x_0=0 +y_0=0 +a=6370997 +b=6370997 +units=m +no_defs '
    END
    TYPE     RASTER
    DUMP     TRUE
    STATUS   OFF
    DATA     /fsdata4/landat/byte/ovhead.eqdif_5win.byte.tif
    HEADER   ./templates/layer_query_header.html
    TEMPLATE ./templates/layer_query_body.html
    INCLUDE "cmaps/new/ovhead.eqdif.cmap"
    METADATA
        "wms_title"             "Overhead Trajectory"
        "wms_abstract"          "Overhead Trajectory"   
        "gml_include_items"     "value_0"			
    END  # end METADATA
  END # end LAYER
















    ## Carbon Models

    # Estimated carbon storage, 2000-2009
    LAYER
        NAME FIACarbonStorage         
        PROJECTION
			"proj=longlat"
			"ellps=WGS84"
			"datum=WGS84"
			"no_defs"
		END
        TYPE     RASTER
        DUMP     TRUE
        STATUS   OFF
        DATA     /fsdata1/landat/FIA_CarbonStorageComp.tif
        HEADER   ./templates/layer_query_header.html
        TEMPLATE ./templates/layer_query_body.html
	INCLUDE "cmaps/fia_carbon_storage.cmap"
        METADATA
            "wms_title"             "FIA Carbon Storage"
            "wms_abstract"          "FIA Carbon Storage"   
            "gml_include_items"     "value_0"			
        END  # end METADATA
    END # end LAYER	

    # LanDAT Carbon Storage Model
    LAYER
        NAME LanDATCStorage         
        PROJECTION
			"proj=longlat"
			"ellps=WGS84"
			"datum=WGS84"
			"no_defs"
		END
        TYPE     RASTER
        DUMP     TRUE
        STATUS   OFF
        DATA     /fsdata1/landat/FIAmodelpred_proj.tif
        HEADER   ./templates/layer_query_header.html
        TEMPLATE ./templates/layer_query_body.html
	INCLUDE "cmaps/landat_carbon_storage.cmap"
        METADATA
            "wms_title"             "LanDAT Carbon Storage Model"
            "wms_abstract"          "LanDAT Carbon Storage Model"   
            "gml_include_items"     "value_0"			
        END  # end METADATA
    END # end LAYER	

    # Landscape Shift in Carbon Storage
    LAYER
        NAME ShiftCarbonStorage         
        PROJECTION
			"proj=longlat"
			"ellps=WGS84"
			"datum=WGS84"
			"no_defs"
		END
        TYPE     RASTER
        DUMP     TRUE
        STATUS   OFF
        DATA     /fsdata1/landat/FIAequilibdiff_proj.tif
        HEADER   ./templates/layer_query_header.html
        TEMPLATE ./templates/layer_query_body.html
	INCLUDE "cmaps/shift_carbon_storage.cmap"
        METADATA
            "wms_title"             "Landscape Shift in Carbon Storage"
            "wms_abstract"          "Landscape Shift in Carbon Storage"   
            "gml_include_items"     "value_0"			
        END  # end METADATA
    END # end LAYER	










    ## Landscape and Climate Characteristics

    # Land Cover, 2011
    LAYER
    	NAME NLCD_2011
        PROJECTION
            "proj=aea"
            "lat_1=29.5"
            "lat_2=45.5"
            "lat_0=23"
            "lon_0=-96"
            "x_0=0"
            "y_0=0"
            "ellps=GRS80"
            "datum=NAD83"
            "units=m"
            "no_defs"
        END
        TYPE     RASTER
        DUMP     TRUE
        STATUS   OFF
        DATA     /fsdata1/landat/NLCD_2011Comp.tif
        HEADER   ./templates/layer_query_header.html
        TEMPLATE ./templates/layer_query_body.html	
	INCLUDE "cmaps/nlcd_2011.cmap"
        METADATA
            "wms_title"             "National Land Cover Dataset (NLCD), 2011"
            "wms_abstract"          "National Land Cover Dataset (NLCD), 2011"
            "gml_include_items"     "value_0"
        END  # end METADATA
    END # end LAYER	

    # Landscape Mosaic Pattern
    LAYER
        NAME Riitters_LandPattern         
        PROJECTION
			"proj=longlat"
			"ellps=WGS84"
			"datum=WGS84"
			"no_defs"
		END
        TYPE     RASTER
        DUMP     TRUE
        STATUS   OFF
        DATA     /fsdata1/landat/Ritters_lpt27_2011.tif
        HEADER   ./templates/layer_query_header.html
        TEMPLATE ./templates/layer_query_body.html
	INCLUDE "cmaps/riitters_land_pattern.cmap"
        METADATA
            "wms_title"             "Riitters Landscape Pattern"
            "wms_abstract"          "Riitters Landscape Pattern"   
            "gml_include_items"     "value_0"			
        END  # end METADATA
    END # end LAYER

    # Landscape Forest Density
    LAYER
        NAME Riitters_ForestDensity         
        PROJECTION
			"proj=longlat"
			"ellps=WGS84"
			"datum=WGS84"
			"no_defs"
		END
        TYPE     RASTER
        DUMP     TRUE
        STATUS   OFF
        DATA     /fsdata1/landat/Riitters_pf27_2011Comp.tif
        HEADER   ./templates/layer_query_header.html
        TEMPLATE ./templates/layer_query_body.html	
	INCLUDE "cmaps/riitters_forest_density.cmap"
        METADATA
            "wms_title"             "Riitters Forest Density"
            "wms_abstract"          "Riiters Forest Density"
            "gml_include_items"     "value_0"
        END  # end METADATA
    END # end 

    # Total Tree Basal Area
    LAYER
        NAME TotalBasalArea
        PROJECTION
			"proj=longlat"
			"ellps=WGS84"
			"datum=WGS84"
			"no_defs"
	END
        TYPE     RASTER
        DUMP     TRUE
        STATUS   OFF
        DATA     /fsdata1/landat/TotBasalArea.tif
        HEADER   ./templates/layer_query_header.html
        TEMPLATE ./templates/layer_query_body.html
	INCLUDE "cmaps/total_basal_area.cmap"
        METADATA
            "wms_title"             "Total Basal Area"
            "wms_abstract"          "Total Basal Area"   
            "gml_include_items"     "value_0"			
        END  # end METADATA
    END # end LAYER	

    # Tree Basal Area at Risk from Insect and Disease Pathogens
    LAYER
        NAME PercentBasalRisk         
        PROJECTION
			"proj=longlat"
			"ellps=WGS84"
			"datum=WGS84"
			"no_defs"
	END
        TYPE     RASTER
        DUMP     TRUE
        STATUS   OFF
        DATA     /fsdata1/landat/PctBasalRisk.tif
        HEADER   ./templates/layer_query_header.html
        TEMPLATE ./templates/layer_query_body.html
	INCLUDE "cmaps/percent_basal_risk.cmap"
        METADATA
            "wms_title"             "Percent Basal Risk"
            "wms_abstract"          "Percent Basal Risk"
            "gml_include_items"     "value_0"
        END  # end METADATA
    END # end LAYER

    # Decline in Evergreen Vegetation, 2000-2011
    LAYER
        NAME EvergreenDecline
        PROJECTION
          "+proj=laea"
          "+lat_0=45"
          "+lon_0=-100"
          "+x_0=0"
          "+y_0=0"
          "+a=6370997"
          "+b=6370997"
          "+units=m"
          "+no_defs"
        END
        TYPE     RASTER
        DUMP     TRUE
        STATUS   OFF
        DATA     /var/vsites/fswms.nemac.org/data/fsdata-internal/efetac_nasa/AncillaryData/EvergreenDecline.img
        HEADER   ./templates/layer_query_header.html
        TEMPLATE ./templates/layer_query_body.html
	INCLUDE "cmaps/evergreen_decline.cmap"		
        METADATA
            "wms_title"             "Evergreen Decline"
            "wms_abstract"          "Evergreen Decline"   
            "gml_include_items"     "value_0"			
        END  # end METADATA
    END # end LAYER

    # Housing Density, 2010
    LAYER
        NAME HousingDensity        
        PROJECTION
			"proj=longlat"
			"ellps=WGS84"
			"datum=WGS84"
			"no_defs"
		END
        TYPE     RASTER
        DUMP     TRUE
        STATUS   OFF
        DATA     /fsdata1/landat/HousingDensity2010Comp.tif
        HEADER   ./templates/layer_query_header.html
        TEMPLATE ./templates/layer_query_body.html
        INCLUDE "cmaps/housing_density.cmap"
        METADATA
            "wms_title"             "HousingDensity"
            "wms_abstract"          "HousingDensity"   
            "gml_include_items"     "value_0"			
        END  # end METADATA
    END # end LAYER

    # Palmer Drought Severity Index, 2000-2015 Mean	
    LAYER
        NAME PalmerMonthly         
        PROJECTION
			"proj=longlat"
			"ellps=WGS84"
			"datum=WGS84"
			"no_defs"
		END
        TYPE     RASTER
        DUMP     TRUE
        STATUS   OFF
        DATA     /fsdata1/landat/PalmerDrought_Monthly.tif
        HEADER   ./templates/layer_query_header.html
        TEMPLATE ./templates/layer_query_body.html
	INCLUDE "cmaps/palmer_monthly.cmap"
        METADATA
            "wms_title"             "Palmer_Monthly"
            "wms_abstract"          "Palmer_Monthly"   
            "gml_include_items"     "value_0"			
        END  # end METADATA
    END # end LAYER	

    # Palmer Drought Severity Index, 2000-2015 Variability
    LAYER
        NAME PalmerAnnual         
        PROJECTION
			"proj=longlat"
			"ellps=WGS84"
			"datum=WGS84"
			"no_defs"
		END
        TYPE     RASTER
        DUMP     TRUE
        STATUS   OFF
        DATA     /fsdata1/landat/PalmerDrought_interannual.tif
        HEADER   ./templates/layer_query_header.html
        TEMPLATE ./templates/layer_query_body.html
	INCLUDE "cmaps/palmer_annual.cmap"
        METADATA
            "wms_title"             "Palmer_Interannual"
            "wms_abstract"          "Palmer_Interannual"   
            "gml_include_items"     "value_0"			
        END  # end METADATA
    END # end LAYER	

END # end MAP
